// Jest Snapshot v1, https://goo.gl/fbAQLP

exports[`StateNoData Renders without crashing 1`] = `
<Component
  description="message.noDataAvailableBody"
  title="message.noDataAvailableTitle"
/>
`;
