// Jest Snapshot v1, https://goo.gl/fbAQLP

exports[`HorizontalNav Renders without crashing 1`] = `
Object {
  "asFragment": [Function],
  "baseElement": <body>
    <div>
      <div
        class="pf-v5-c-tabs"
      >
        <ul
          class="pf-v5-c-tabs__list"
        >
          <a
            class="pf-v5-c-tabs__item"
            href="/first"
          >
            <li
              class="pf-v5-c-tabs__item"
            >
              <button
                class="pf-v5-c-tabs__link"
              >
                <span
                  class="pf-v5-c-tabs__item-text"
                >
                  first
                </span>
              </button>
            </li>
          </a>
          <a
            class="pf-v5-c-tabs__item"
            href="/second"
          >
            <li
              class="pf-v5-c-tabs__item"
            >
              <button
                class="pf-v5-c-tabs__link"
              >
                <span
                  class="pf-v5-c-tabs__item-text"
                >
                  second
                </span>
              </button>
            </li>
          </a>
          <a
            class="pf-v5-c-tabs__item"
            href="/thrid"
          >
            <li
              class="pf-v5-c-tabs__item"
            >
              <button
                class="pf-v5-c-tabs__link"
              >
                <span
                  class="pf-v5-c-tabs__item-text"
                >
                  thrid
                </span>
              </button>
            </li>
          </a>
        </ul>
      </div>
    </div>
  </body>,
  "container": <div>
    <div
      class="pf-v5-c-tabs"
    >
      <ul
        class="pf-v5-c-tabs__list"
      >
        <a
          class="pf-v5-c-tabs__item"
          href="/first"
        >
          <li
            class="pf-v5-c-tabs__item"
          >
            <button
              class="pf-v5-c-tabs__link"
            >
              <span
                class="pf-v5-c-tabs__item-text"
              >
                first
              </span>
            </button>
          </li>
        </a>
        <a
          class="pf-v5-c-tabs__item"
          href="/second"
        >
          <li
            class="pf-v5-c-tabs__item"
          >
            <button
              class="pf-v5-c-tabs__link"
            >
              <span
                class="pf-v5-c-tabs__item-text"
              >
                second
              </span>
            </button>
          </li>
        </a>
        <a
          class="pf-v5-c-tabs__item"
          href="/thrid"
        >
          <li
            class="pf-v5-c-tabs__item"
          >
            <button
              class="pf-v5-c-tabs__link"
            >
              <span
                class="pf-v5-c-tabs__item-text"
              >
                thrid
              </span>
            </button>
          </li>
        </a>
      </ul>
    </div>
  </div>,
  "debug": [Function],
  "findAllByAltText": [Function],
  "findAllByDisplayValue": [Function],
  "findAllByLabelText": [Function],
  "findAllByPlaceholderText": [Function],
  "findAllByRole": [Function],
  "findAllByTestId": [Function],
  "findAllByText": [Function],
  "findAllByTitle": [Function],
  "findByAltText": [Function],
  "findByDisplayValue": [Function],
  "findByLabelText": [Function],
  "findByPlaceholderText": [Function],
  "findByRole": [Function],
  "findByTestId": [Function],
  "findByText": [Function],
  "findByTitle": [Function],
  "getAllByAltText": [Function],
  "getAllByDisplayValue": [Function],
  "getAllByLabelText": [Function],
  "getAllByPlaceholderText": [Function],
  "getAllByRole": [Function],
  "getAllByTestId": [Function],
  "getAllByText": [Function],
  "getAllByTitle": [Function],
  "getByAltText": [Function],
  "getByDisplayValue": [Function],
  "getByLabelText": [Function],
  "getByPlaceholderText": [Function],
  "getByRole": [Function],
  "getByTestId": [Function],
  "getByText": [Function],
  "getByTitle": [Function],
  "queryAllByAltText": [Function],
  "queryAllByDisplayValue": [Function],
  "queryAllByLabelText": [Function],
  "queryAllByPlaceholderText": [Function],
  "queryAllByRole": [Function],
  "queryAllByTestId": [Function],
  "queryAllByText": [Function],
  "queryAllByTitle": [Function],
  "queryByAltText": [Function],
  "queryByDisplayValue": [Function],
  "queryByLabelText": [Function],
  "queryByPlaceholderText": [Function],
  "queryByRole": [Function],
  "queryByTestId": [Function],
  "queryByText": [Function],
  "queryByTitle": [Function],
  "rerender": [Function],
  "unmount": [Function],
}
`;
