// Jest Snapshot v1, https://goo.gl/fbAQLP

exports[`NoDataEmptyState Renders without crashing 1`] = `
<EmptyState
  variant="small"
>
  <EmptyStateIcon />
  <Title
    headingLevel="h2"
    size="lg"
  >
    my title
  </Title>
  <EmptyStateBody>
    my description
  </EmptyStateBody>
</EmptyState>
`;
