// Jest Snapshot v1, https://goo.gl/fbAQLP

exports[`AppAboutModal 1`] = `
<AboutModal
  appendTo={null}
  backgroundImageSrc=""
  brandImageAlt="Logo"
  brandImageSrc="test-file-stub"
  className=""
  isOpen={true}
  noAboutModalBoxContentContainer={false}
  onClose={[MockFunction]}
  productName="Tackle"
  trademark="COPYRIGHT Â© 2022."
>
  <TextContent
    className="pf-u-py-xl"
  >
    <Text
      component="p"
    >
      about.introduction
    </Text>
    <Text
      component="p"
    >
      about.description
    </Text>
    <Text
      component="p"
    >
      about.bottom1
       
      <Text
        component="a"
        href="https://www.konveyor.io/"
        target="_blank"
      >
        Konveyor community
      </Text>
      .
    </Text>
    <Text
      component="p"
    >
      about.bottom2
       
      <Text
        component="a"
        href="https://tackle-docs.konveyor.io/"
        target="_blank"
      >
        Tackle
         documentation
      </Text>
      .
    </Text>
    <Text
      component="p"
    >
      <Component
        i18nKey="about.iconLibrary"
      >
        The Icon Library used in this project is a derivative of the
         
        <Text
          component="a"
          href="https://www.redhat.com/en/about/brand/standards/icons/standard-icons"
          target="_blank"
        >
          Standard Icons library
        </Text>
        by
         
        <Text
          component="a"
          href="https://www.redhat.com"
          target="_blank"
        >
          Red Hat
        </Text>
        , used under
         
        <Text
          component="a"
          href="https://creativecommons.org/licenses/by/4.0/"
          target="_blank"
        >
          CC BY 4.0
        </Text>
      </Component>
    </Text>
  </TextContent>
  <TextContent
    className="pf-u-py-xl"
  >
    <TextContent>
      <TextList
        component="dl"
      >
        <TextListItem
          component="dt"
        >
          terms.version
        </TextListItem>
        <TextListItem
          component="dd"
        >
          99.0.0
        </TextListItem>
      </TextList>
    </TextContent>
  </TextContent>
</AboutModal>
`;
