// Jest Snapshot v1, https://goo.gl/fbAQLP

exports[`AppAboutModal 1`] = `
<AboutModal
  appendTo={null}
  backgroundImageSrc=""
  brandImageAlt="Logo"
  brandImageSrc="test-file-stub"
  className=""
  isOpen={true}
  noAboutModalBoxContentContainer={false}
  onClose={[MockFunction]}
  productName="Tackle"
  trademark="COPYRIGHT Â© 2021."
>
  <TextContent
    className="pf-u-py-xl"
  >
    <Text
      component="p"
    >
      about.introduction
    </Text>
    <Text
      component="p"
    >
      about.description
    </Text>
    <Text
      component="p"
    >
      <Trans
        i18nKey="about.bottom1"
      >
        Tackle is a project within the
         
        <Text
          component="a"
          href="https://www.konveyor.io/"
          target="_blank"
        >
          Konveyor community
        </Text>
        .
      </Trans>
    </Text>
    <Text
      component="p"
    >
      <Trans
        i18nKey="about.bottom2"
      >
        For more information please refer to
         
        <Text
          component="a"
          href="https://tackle-docs.konveyor.io/"
          target="_blank"
        >
          Tackle documentation
        </Text>
        .
      </Trans>
    </Text>
  </TextContent>
  <TextContent
    className="pf-u-py-xl"
  >
    <TextContent>
      <TextList
        component="dl"
      >
        <TextListItem
          component="dt"
        >
          terms.version
        </TextListItem>
        <TextListItem
          component="dd"
        >
          1.2.0
        </TextListItem>
      </TextList>
    </TextContent>
  </TextContent>
</AboutModal>
`;
