// Jest Snapshot v1, https://goo.gl/fbAQLP

exports[`Question Renders without crashing 1`] = `
<Stack>
  content
</Stack>
`;
