// Jest Snapshot v1, https://goo.gl/fbAQLP

exports[`QuestionBody Renders without crashing 1`] = `
<StackItem>
  content
</StackItem>
`;
