// Jest Snapshot v1, https://goo.gl/fbAQLP

exports[`Test snapshot 1`] = `
Object {
  "asFragment": [Function],
  "baseElement": <body>
    <div>
      <div
        class="pf-c-page pf-m-resize-observer pf-m-breakpoint-default pf-m-height-breakpoint-sm"
      >
        <a
          class="pf-c-button pf-m-primary pf-c-skip-to-content"
          href="#main-content-page-layout-horizontal-nav"
        >
          Skip to content
        </a>
        <header
          class="pf-c-page__header"
        >
          <div
            class="pf-c-page__header-brand"
          >
            <div
              class="pf-c-page__header-brand-toggle"
            >
              <button
                aria-disabled="false"
                aria-expanded="false"
                aria-label="Global navigation"
                class="pf-c-button pf-m-plain"
                data-ouia-component-id="OUIA-Generated-Button-plain-1"
                data-ouia-component-type="PF4/Button"
                data-ouia-safe="true"
                id="nav-toggle"
                type="button"
              >
                <svg
                  aria-hidden="true"
                  fill="currentColor"
                  height="1em"
                  role="img"
                  style="vertical-align: -0.125em;"
                  viewBox="0 0 448 512"
                  width="1em"
                >
                  <path
                    d="M16 132h416c8.837 0 16-7.163 16-16V76c0-8.837-7.163-16-16-16H16C7.163 60 0 67.163 0 76v40c0 8.837 7.163 16 16 16zm0 160h416c8.837 0 16-7.163 16-16v-40c0-8.837-7.163-16-16-16H16c-8.837 0-16 7.163-16 16v40c0 8.837 7.163 16 16 16zm0 160h416c8.837 0 16-7.163 16-16v-40c0-8.837-7.163-16-16-16H16c-8.837 0-16 7.163-16 16v40c0 8.837 7.163 16 16 16z"
                  />
                </svg>
              </button>
            </div>
            <a
              class="pf-c-page__header-brand-link"
            >
              <img
                alt="brand"
                class="pf-c-brand"
                src="test-file-stub"
              />
            </a>
          </div>
          <div
            class="pf-c-page__header-tools"
          >
            <div
              class="pf-c-page__header-tools-group pf-m-hidden"
            >
              <div
                class="pf-c-page__header-tools-item"
              >
                <button
                  aria-disabled="false"
                  aria-label="about-button"
                  class="pf-c-button pf-m-plain"
                  data-ouia-component-id="OUIA-Generated-Button-plain-2"
                  data-ouia-component-type="PF4/Button"
                  data-ouia-safe="true"
                  id="aboutButton"
                  type="button"
                >
                  <test-file-stub />
                </button>
              </div>
            </div>
            <div
              class="pf-c-page__header-tools-group"
            >
              <div
                class="pf-c-page__header-tools-item"
              >
                <div
                  class="pf-c-dropdown pf-m-align-right"
                  data-ouia-component-id="OUIA-Generated-Dropdown-1"
                  data-ouia-component-type="PF4/Dropdown"
                  data-ouia-safe="true"
                >
                  <button
                    aria-expanded="false"
                    aria-haspopup="true"
                    aria-label="Actions"
                    class="pf-c-dropdown__toggle pf-m-plain"
                    id="pf-dropdown-toggle-id-0"
                    type="button"
                  >
                    <svg
                      aria-hidden="true"
                      fill="currentColor"
                      height="1em"
                      role="img"
                      style="vertical-align: -0.125em;"
                      viewBox="0 0 192 512"
                      width="1em"
                    >
                      <path
                        d="M96 184c39.8 0 72 32.2 72 72s-32.2 72-72 72-72-32.2-72-72 32.2-72 72-72zM24 80c0 39.8 32.2 72 72 72s72-32.2 72-72S135.8 8 96 8 24 40.2 24 80zm0 352c0 39.8 32.2 72 72 72s72-32.2 72-72-32.2-72-72-72-72 32.2-72 72z"
                      />
                    </svg>
                  </button>
                </div>
              </div>
              <div
                class="pf-c-page__header-tools-item pf-m-hidden"
              />
            </div>
          </div>
        </header>
        <div
          aria-hidden="true"
          class="pf-c-page__sidebar pf-m-collapsed"
          id="page-sidebar"
        >
          <div
            class="pf-c-page__sidebar-body"
          >
            <nav
              aria-label="Nav"
              class="pf-c-nav"
              data-ouia-component-id="OUIA-Generated-Nav-1"
              data-ouia-component-type="PF4/Nav"
              data-ouia-safe="true"
              id="nav-primary"
            >
              <div
                class="perspective"
              >
                <div
                  class="pf-c-select"
                  data-ouia-component-id="OUIA-Generated-Select-single-1"
                  data-ouia-component-type="PF4/Select"
                  data-ouia-safe="true"
                >
                  <button
                    aria-expanded="false"
                    aria-haspopup="listbox"
                    aria-label="Options menu"
                    aria-labelledby=" pf-select-toggle-id-1"
                    class="pf-c-select__toggle"
                    id="pf-select-toggle-id-1"
                    type="button"
                  >
                    <div
                      class="pf-c-select__toggle-wrapper"
                    >
                      <span
                        class="pf-c-select__toggle-text"
                      >
                        sidebar.developer
                      </span>
                    </div>
                    <span
                      class="pf-c-select__toggle-arrow"
                    >
                      <svg
                        aria-hidden="true"
                        fill="currentColor"
                        height="1em"
                        role="img"
                        style="vertical-align: -0.125em;"
                        viewBox="0 0 320 512"
                        width="1em"
                      >
                        <path
                          d="M31.3 192h257.3c17.8 0 26.7 21.5 14.1 34.1L174.1 354.8c-7.8 7.8-20.5 7.8-28.3 0L17.2 226.1C4.6 213.5 13.5 192 31.3 192z"
                        />
                      </svg>
                    </span>
                  </button>
                </div>
              </div>
              <ul
                class="pf-c-nav__list"
                title="Global"
              >
                <li
                  class="pf-c-nav__item"
                  data-ouia-component-id="OUIA-Generated-NavItem-1"
                  data-ouia-component-type="PF4/NavItem"
                  data-ouia-safe="true"
                >
                  <a
                    class="pf-c-nav__link"
                    href="/applicationsundefined"
                    tabindex="-1"
                  >
                    sidebar.applicationInventory
                  </a>
                </li>
                <li
                  class="pf-c-nav__item"
                  data-ouia-component-id="OUIA-Generated-NavItem-1"
                  data-ouia-component-type="PF4/NavItem"
                  data-ouia-safe="true"
                >
                  <a
                    class="pf-c-nav__link"
                    href="/reportsundefined"
                    tabindex="-1"
                  >
                    sidebar.reports
                  </a>
                </li>
                <li
                  class="pf-c-nav__item"
                  data-ouia-component-id="OUIA-Generated-NavItem-5"
                  data-ouia-component-type="PF4/NavItem"
                  data-ouia-safe="true"
                >
                  <a
                    class="pf-c-nav__link"
                    href="/controls"
                    tabindex="-1"
                  >
                    sidebar.controls
                  </a>
                </li>
              </ul>
            </nav>
          </div>
        </div>
        <main
          class="pf-c-page__main"
          id="main-content-page-layout-horizontal-nav"
          tabindex="-1"
        />
      </div>
    </div>
    <div />
    <div />
    <div>
      <ul
        aria-live="polite"
        class="pf-c-alert-group pf-m-toast"
      />
    </div>
  </body>,
  "container": <div>
    <div
      class="pf-c-page pf-m-resize-observer pf-m-breakpoint-default pf-m-height-breakpoint-sm"
    >
      <a
        class="pf-c-button pf-m-primary pf-c-skip-to-content"
        href="#main-content-page-layout-horizontal-nav"
      >
        Skip to content
      </a>
      <header
        class="pf-c-page__header"
      >
        <div
          class="pf-c-page__header-brand"
        >
          <div
            class="pf-c-page__header-brand-toggle"
          >
            <button
              aria-disabled="false"
              aria-expanded="false"
              aria-label="Global navigation"
              class="pf-c-button pf-m-plain"
              data-ouia-component-id="OUIA-Generated-Button-plain-1"
              data-ouia-component-type="PF4/Button"
              data-ouia-safe="true"
              id="nav-toggle"
              type="button"
            >
              <svg
                aria-hidden="true"
                fill="currentColor"
                height="1em"
                role="img"
                style="vertical-align: -0.125em;"
                viewBox="0 0 448 512"
                width="1em"
              >
                <path
                  d="M16 132h416c8.837 0 16-7.163 16-16V76c0-8.837-7.163-16-16-16H16C7.163 60 0 67.163 0 76v40c0 8.837 7.163 16 16 16zm0 160h416c8.837 0 16-7.163 16-16v-40c0-8.837-7.163-16-16-16H16c-8.837 0-16 7.163-16 16v40c0 8.837 7.163 16 16 16zm0 160h416c8.837 0 16-7.163 16-16v-40c0-8.837-7.163-16-16-16H16c-8.837 0-16 7.163-16 16v40c0 8.837 7.163 16 16 16z"
                />
              </svg>
            </button>
          </div>
          <a
            class="pf-c-page__header-brand-link"
          >
            <img
              alt="brand"
              class="pf-c-brand"
              src="test-file-stub"
            />
          </a>
        </div>
        <div
          class="pf-c-page__header-tools"
        >
          <div
            class="pf-c-page__header-tools-group pf-m-hidden"
          >
            <div
              class="pf-c-page__header-tools-item"
            >
              <button
                aria-disabled="false"
                aria-label="about-button"
                class="pf-c-button pf-m-plain"
                data-ouia-component-id="OUIA-Generated-Button-plain-2"
                data-ouia-component-type="PF4/Button"
                data-ouia-safe="true"
                id="aboutButton"
                type="button"
              >
                <test-file-stub />
              </button>
            </div>
          </div>
          <div
            class="pf-c-page__header-tools-group"
          >
            <div
              class="pf-c-page__header-tools-item"
            >
              <div
                class="pf-c-dropdown pf-m-align-right"
                data-ouia-component-id="OUIA-Generated-Dropdown-1"
                data-ouia-component-type="PF4/Dropdown"
                data-ouia-safe="true"
              >
                <button
                  aria-expanded="false"
                  aria-haspopup="true"
                  aria-label="Actions"
                  class="pf-c-dropdown__toggle pf-m-plain"
                  id="pf-dropdown-toggle-id-0"
                  type="button"
                >
                  <svg
                    aria-hidden="true"
                    fill="currentColor"
                    height="1em"
                    role="img"
                    style="vertical-align: -0.125em;"
                    viewBox="0 0 192 512"
                    width="1em"
                  >
                    <path
                      d="M96 184c39.8 0 72 32.2 72 72s-32.2 72-72 72-72-32.2-72-72 32.2-72 72-72zM24 80c0 39.8 32.2 72 72 72s72-32.2 72-72S135.8 8 96 8 24 40.2 24 80zm0 352c0 39.8 32.2 72 72 72s72-32.2 72-72-32.2-72-72-72-72 32.2-72 72z"
                    />
                  </svg>
                </button>
              </div>
            </div>
            <div
              class="pf-c-page__header-tools-item pf-m-hidden"
            />
          </div>
        </div>
      </header>
      <div
        aria-hidden="true"
        class="pf-c-page__sidebar pf-m-collapsed"
        id="page-sidebar"
      >
        <div
          class="pf-c-page__sidebar-body"
        >
          <nav
            aria-label="Nav"
            class="pf-c-nav"
            data-ouia-component-id="OUIA-Generated-Nav-1"
            data-ouia-component-type="PF4/Nav"
            data-ouia-safe="true"
            id="nav-primary"
          >
            <div
              class="perspective"
            >
              <div
                class="pf-c-select"
                data-ouia-component-id="OUIA-Generated-Select-single-1"
                data-ouia-component-type="PF4/Select"
                data-ouia-safe="true"
              >
                <button
                  aria-expanded="false"
                  aria-haspopup="listbox"
                  aria-label="Options menu"
                  aria-labelledby=" pf-select-toggle-id-1"
                  class="pf-c-select__toggle"
                  id="pf-select-toggle-id-1"
                  type="button"
                >
                  <div
                    class="pf-c-select__toggle-wrapper"
                  >
                    <span
                      class="pf-c-select__toggle-text"
                    >
                      sidebar.developer
                    </span>
                  </div>
                  <span
                    class="pf-c-select__toggle-arrow"
                  >
                    <svg
                      aria-hidden="true"
                      fill="currentColor"
                      height="1em"
                      role="img"
                      style="vertical-align: -0.125em;"
                      viewBox="0 0 320 512"
                      width="1em"
                    >
                      <path
                        d="M31.3 192h257.3c17.8 0 26.7 21.5 14.1 34.1L174.1 354.8c-7.8 7.8-20.5 7.8-28.3 0L17.2 226.1C4.6 213.5 13.5 192 31.3 192z"
                      />
                    </svg>
                  </span>
                </button>
              </div>
            </div>
            <ul
              class="pf-c-nav__list"
              title="Global"
            >
              <li
                class="pf-c-nav__item"
                data-ouia-component-id="OUIA-Generated-NavItem-1"
                data-ouia-component-type="PF4/NavItem"
                data-ouia-safe="true"
              >
                <a
                  class="pf-c-nav__link"
                  href="/applicationsundefined"
                  tabindex="-1"
                >
                  sidebar.applicationInventory
                </a>
              </li>
              <li
                class="pf-c-nav__item"
                data-ouia-component-id="OUIA-Generated-NavItem-1"
                data-ouia-component-type="PF4/NavItem"
                data-ouia-safe="true"
              >
                <a
                  class="pf-c-nav__link"
                  href="/reportsundefined"
                  tabindex="-1"
                >
                  sidebar.reports
                </a>
              </li>
              <li
                class="pf-c-nav__item"
                data-ouia-component-id="OUIA-Generated-NavItem-5"
                data-ouia-component-type="PF4/NavItem"
                data-ouia-safe="true"
              >
                <a
                  class="pf-c-nav__link"
                  href="/controls"
                  tabindex="-1"
                >
                  sidebar.controls
                </a>
              </li>
            </ul>
          </nav>
        </div>
      </div>
      <main
        class="pf-c-page__main"
        id="main-content-page-layout-horizontal-nav"
        tabindex="-1"
      />
    </div>
  </div>,
  "debug": [Function],
  "findAllByAltText": [Function],
  "findAllByDisplayValue": [Function],
  "findAllByLabelText": [Function],
  "findAllByPlaceholderText": [Function],
  "findAllByRole": [Function],
  "findAllByTestId": [Function],
  "findAllByText": [Function],
  "findAllByTitle": [Function],
  "findByAltText": [Function],
  "findByDisplayValue": [Function],
  "findByLabelText": [Function],
  "findByPlaceholderText": [Function],
  "findByRole": [Function],
  "findByTestId": [Function],
  "findByText": [Function],
  "findByTitle": [Function],
  "getAllByAltText": [Function],
  "getAllByDisplayValue": [Function],
  "getAllByLabelText": [Function],
  "getAllByPlaceholderText": [Function],
  "getAllByRole": [Function],
  "getAllByTestId": [Function],
  "getAllByText": [Function],
  "getAllByTitle": [Function],
  "getByAltText": [Function],
  "getByDisplayValue": [Function],
  "getByLabelText": [Function],
  "getByPlaceholderText": [Function],
  "getByRole": [Function],
  "getByTestId": [Function],
  "getByText": [Function],
  "getByTitle": [Function],
  "queryAllByAltText": [Function],
  "queryAllByDisplayValue": [Function],
  "queryAllByLabelText": [Function],
  "queryAllByPlaceholderText": [Function],
  "queryAllByRole": [Function],
  "queryAllByTestId": [Function],
  "queryAllByText": [Function],
  "queryAllByTitle": [Function],
  "queryByAltText": [Function],
  "queryByDisplayValue": [Function],
  "queryByLabelText": [Function],
  "queryByPlaceholderText": [Function],
  "queryByRole": [Function],
  "queryByTestId": [Function],
  "queryByText": [Function],
  "queryByTitle": [Function],
  "rerender": [Function],
  "unmount": [Function],
}
`;
