// Jest Snapshot v1, https://goo.gl/fbAQLP

exports[`Renders without crashing 1`] = `
Object {
  "asFragment": [Function],
  "baseElement": <body>
    <div>
      <div
        aria-hidden="false"
        class="pf-v5-c-page__sidebar pf-m-expanded"
        id="page-sidebar"
      >
        <nav
          aria-label="Nav"
          class="pf-v5-c-nav"
          data-ouia-component-id="OUIA-Generated-Nav-1"
          data-ouia-component-type="PF5/Nav"
          data-ouia-safe="true"
          id="nav-primary"
        >
          <div
            class="perspective"
          >
            <button
              aria-expanded="false"
              class="pf-v5-c-menu-toggle"
              style="width: 200px;"
              type="button"
            >
              <span
                class="pf-v5-c-menu-toggle__text"
              />
              <span
                class="pf-v5-c-menu-toggle__controls"
              >
                <span
                  class="pf-v5-c-menu-toggle__toggle-icon"
                >
                  <svg
                    aria-hidden="true"
                    class="pf-v5-svg"
                    fill="currentColor"
                    height="1em"
                    role="img"
                    viewBox="0 0 320 512"
                    width="1em"
                  >
                    <path
                      d="M31.3 192h257.3c17.8 0 26.7 21.5 14.1 34.1L174.1 354.8c-7.8 7.8-20.5 7.8-28.3 0L17.2 226.1C4.6 213.5 13.5 192 31.3 192z"
                    />
                  </svg>
                </span>
              </span>
            </button>
          </div>
          <ul
            class="pf-v5-c-nav__list"
            role="list"
            title="Admin"
          >
            <li
              class="pf-v5-c-nav__item"
              data-ouia-component-id="OUIA-Generated-NavItem-1"
              data-ouia-component-type="PF5/NavItem"
              data-ouia-safe="true"
            >
              <a
                class="pf-v5-c-nav__link"
                href="/general"
              >
                terms.general
              </a>
            </li>
            <li
              class="pf-v5-c-nav__item"
              data-ouia-component-id="OUIA-Generated-NavItem-2"
              data-ouia-component-type="PF5/NavItem"
              data-ouia-safe="true"
            >
              <a
                class="pf-v5-c-nav__link"
                href="/identities"
              >
                terms.credentials
              </a>
            </li>
            <li
              class="pf-v5-c-nav__item pf-m-expandable pf-m-expanded"
              data-ouia-component-id="OUIA-Generated-NavExpandable-1"
              data-ouia-component-type="PF5/NavExpandable"
              data-ouia-safe="true"
            >
              <button
                aria-expanded="true"
                class="pf-v5-c-nav__link"
              >
                Repositories
                <span
                  class="pf-v5-c-nav__toggle"
                >
                  <span
                    class="pf-v5-c-nav__toggle-icon"
                  >
                    <svg
                      aria-hidden="true"
                      class="pf-v5-svg"
                      fill="currentColor"
                      height="1em"
                      role="img"
                      viewBox="0 0 256 512"
                      width="1em"
                    >
                      <path
                        d="M224.3 273l-136 136c-9.4 9.4-24.6 9.4-33.9 0l-22.6-22.6c-9.4-9.4-9.4-24.6 0-33.9l96.4-96.4-96.4-96.4c-9.4-9.4-9.4-24.6 0-33.9L54.3 103c9.4-9.4 24.6-9.4 33.9 0l136 136c9.5 9.4 9.5 24.6.1 34z"
                      />
                    </svg>
                  </span>
                </span>
              </button>
              <section
                aria-labelledby="pf-1688687626358z5hypf2xw7s"
                class="pf-v5-c-nav__subnav"
              >
                <h2
                  class="pf-v5-u-screen-reader"
                  id="pf-1688687626358z5hypf2xw7s"
                >
                  SR Link
                </h2>
                <ul
                  class="pf-v5-c-nav__list"
                  role="list"
                >
                  <li
                    class="pf-v5-c-nav__item"
                    data-ouia-component-id="OUIA-Generated-NavItem-3"
                    data-ouia-component-type="PF5/NavItem"
                    data-ouia-safe="true"
                  >
                    <a
                      class="pf-v5-c-nav__link"
                      href="/repositories/git"
                    >
                      Git
                    </a>
                  </li>
                  <li
                    class="pf-v5-c-nav__item"
                    data-ouia-component-id="OUIA-Generated-NavItem-4"
                    data-ouia-component-type="PF5/NavItem"
                    data-ouia-safe="true"
                  >
                    <a
                      class="pf-v5-c-nav__link"
                      href="/repositories/svn"
                    >
                      Subversion
                    </a>
                  </li>
                  <li
                    class="pf-v5-c-nav__item"
                    data-ouia-component-id="OUIA-Generated-NavItem-5"
                    data-ouia-component-type="PF5/NavItem"
                    data-ouia-safe="true"
                  >
                    <a
                      class="pf-v5-c-nav__link"
                      href="/repositories/maven"
                    >
                      Maven
                    </a>
                  </li>
                </ul>
              </section>
            </li>
            <li
              class="pf-v5-c-nav__item"
              data-ouia-component-id="OUIA-Generated-NavItem-6"
              data-ouia-component-type="PF5/NavItem"
              data-ouia-safe="true"
            >
              <a
                class="pf-v5-c-nav__link"
                href="/proxies"
              >
                Proxy
              </a>
            </li>
            <li
              class="pf-v5-c-nav__item"
              data-ouia-component-id="OUIA-Generated-NavItem-7"
              data-ouia-component-type="PF5/NavItem"
              data-ouia-safe="true"
            >
              <a
                class="pf-v5-c-nav__link"
                href="/migration-targets"
              >
                Custom migration targets
              </a>
            </li>
            <li
              class="pf-v5-c-nav__item pf-m-expandable pf-m-expanded"
              data-ouia-component-id="OUIA-Generated-NavExpandable-2"
              data-ouia-component-type="PF5/NavExpandable"
              data-ouia-safe="true"
            >
              <button
                aria-expanded="true"
                class="pf-v5-c-nav__link"
              >
                Issue management
                <span
                  class="pf-v5-c-nav__toggle"
                >
                  <span
                    class="pf-v5-c-nav__toggle-icon"
                  >
                    <svg
                      aria-hidden="true"
                      class="pf-v5-svg"
                      fill="currentColor"
                      height="1em"
                      role="img"
                      viewBox="0 0 256 512"
                      width="1em"
                    >
                      <path
                        d="M224.3 273l-136 136c-9.4 9.4-24.6 9.4-33.9 0l-22.6-22.6c-9.4-9.4-9.4-24.6 0-33.9l96.4-96.4-96.4-96.4c-9.4-9.4-9.4-24.6 0-33.9L54.3 103c9.4-9.4 24.6-9.4 33.9 0l136 136c9.5 9.4 9.5 24.6.1 34z"
                      />
                    </svg>
                  </span>
                </span>
              </button>
              <section
                aria-labelledby="pf-1688687626367i6ctpip645p"
                class="pf-v5-c-nav__subnav"
              >
                <h2
                  class="pf-v5-u-screen-reader"
                  id="pf-1688687626367i6ctpip645p"
                >
                  SR Link
                </h2>
                <ul
                  class="pf-v5-c-nav__list"
                  role="list"
                >
                  <li
                    class="pf-v5-c-nav__item"
                    data-ouia-component-id="OUIA-Generated-NavItem-8"
                    data-ouia-component-type="PF5/NavItem"
                    data-ouia-safe="true"
                  >
                    <a
                      class="pf-v5-c-nav__link"
                      href="/jira"
                    >
                      Jira
                    </a>
                  </li>
                </ul>
              </section>
            </li>
          </ul>
        </nav>
      </div>
    </div>
  </body>,
  "container": <div>
    <div
      aria-hidden="false"
      class="pf-v5-c-page__sidebar pf-m-expanded"
      id="page-sidebar"
    >
      <nav
        aria-label="Nav"
        class="pf-v5-c-nav"
        data-ouia-component-id="OUIA-Generated-Nav-1"
        data-ouia-component-type="PF5/Nav"
        data-ouia-safe="true"
        id="nav-primary"
      >
        <div
          class="perspective"
        >
          <button
            aria-expanded="false"
            class="pf-v5-c-menu-toggle"
            style="width: 200px;"
            type="button"
          >
            <span
              class="pf-v5-c-menu-toggle__text"
            />
            <span
              class="pf-v5-c-menu-toggle__controls"
            >
              <span
                class="pf-v5-c-menu-toggle__toggle-icon"
              >
                <svg
                  aria-hidden="true"
                  class="pf-v5-svg"
                  fill="currentColor"
                  height="1em"
                  role="img"
                  viewBox="0 0 320 512"
                  width="1em"
                >
                  <path
                    d="M31.3 192h257.3c17.8 0 26.7 21.5 14.1 34.1L174.1 354.8c-7.8 7.8-20.5 7.8-28.3 0L17.2 226.1C4.6 213.5 13.5 192 31.3 192z"
                  />
                </svg>
              </span>
            </span>
          </button>
        </div>
        <ul
          class="pf-v5-c-nav__list"
          role="list"
          title="Admin"
        >
          <li
            class="pf-v5-c-nav__item"
            data-ouia-component-id="OUIA-Generated-NavItem-1"
            data-ouia-component-type="PF5/NavItem"
            data-ouia-safe="true"
          >
            <a
              class="pf-v5-c-nav__link"
              href="/general"
            >
              terms.general
            </a>
          </li>
          <li
            class="pf-v5-c-nav__item"
            data-ouia-component-id="OUIA-Generated-NavItem-2"
            data-ouia-component-type="PF5/NavItem"
            data-ouia-safe="true"
          >
            <a
              class="pf-v5-c-nav__link"
              href="/identities"
            >
              terms.credentials
            </a>
          </li>
          <li
            class="pf-v5-c-nav__item pf-m-expandable pf-m-expanded"
            data-ouia-component-id="OUIA-Generated-NavExpandable-1"
            data-ouia-component-type="PF5/NavExpandable"
            data-ouia-safe="true"
          >
            <button
              aria-expanded="true"
              class="pf-v5-c-nav__link"
            >
              Repositories
              <span
                class="pf-v5-c-nav__toggle"
              >
                <span
                  class="pf-v5-c-nav__toggle-icon"
                >
                  <svg
                    aria-hidden="true"
                    class="pf-v5-svg"
                    fill="currentColor"
                    height="1em"
                    role="img"
                    viewBox="0 0 256 512"
                    width="1em"
                  >
                    <path
                      d="M224.3 273l-136 136c-9.4 9.4-24.6 9.4-33.9 0l-22.6-22.6c-9.4-9.4-9.4-24.6 0-33.9l96.4-96.4-96.4-96.4c-9.4-9.4-9.4-24.6 0-33.9L54.3 103c9.4-9.4 24.6-9.4 33.9 0l136 136c9.5 9.4 9.5 24.6.1 34z"
                    />
                  </svg>
                </span>
              </span>
            </button>
            <section
              aria-labelledby="pf-1688687626358z5hypf2xw7s"
              class="pf-v5-c-nav__subnav"
            >
              <h2
                class="pf-v5-u-screen-reader"
                id="pf-1688687626358z5hypf2xw7s"
              >
                SR Link
              </h2>
              <ul
                class="pf-v5-c-nav__list"
                role="list"
              >
                <li
                  class="pf-v5-c-nav__item"
                  data-ouia-component-id="OUIA-Generated-NavItem-3"
                  data-ouia-component-type="PF5/NavItem"
                  data-ouia-safe="true"
                >
                  <a
                    class="pf-v5-c-nav__link"
                    href="/repositories/git"
                  >
                    Git
                  </a>
                </li>
                <li
                  class="pf-v5-c-nav__item"
                  data-ouia-component-id="OUIA-Generated-NavItem-4"
                  data-ouia-component-type="PF5/NavItem"
                  data-ouia-safe="true"
                >
                  <a
                    class="pf-v5-c-nav__link"
                    href="/repositories/svn"
                  >
                    Subversion
                  </a>
                </li>
                <li
                  class="pf-v5-c-nav__item"
                  data-ouia-component-id="OUIA-Generated-NavItem-5"
                  data-ouia-component-type="PF5/NavItem"
                  data-ouia-safe="true"
                >
                  <a
                    class="pf-v5-c-nav__link"
                    href="/repositories/maven"
                  >
                    Maven
                  </a>
                </li>
              </ul>
            </section>
          </li>
          <li
            class="pf-v5-c-nav__item"
            data-ouia-component-id="OUIA-Generated-NavItem-6"
            data-ouia-component-type="PF5/NavItem"
            data-ouia-safe="true"
          >
            <a
              class="pf-v5-c-nav__link"
              href="/proxies"
            >
              Proxy
            </a>
          </li>
          <li
            class="pf-v5-c-nav__item"
            data-ouia-component-id="OUIA-Generated-NavItem-7"
            data-ouia-component-type="PF5/NavItem"
            data-ouia-safe="true"
          >
            <a
              class="pf-v5-c-nav__link"
              href="/migration-targets"
            >
              Custom migration targets
            </a>
          </li>
          <li
            class="pf-v5-c-nav__item pf-m-expandable pf-m-expanded"
            data-ouia-component-id="OUIA-Generated-NavExpandable-2"
            data-ouia-component-type="PF5/NavExpandable"
            data-ouia-safe="true"
          >
            <button
              aria-expanded="true"
              class="pf-v5-c-nav__link"
            >
              Issue management
              <span
                class="pf-v5-c-nav__toggle"
              >
                <span
                  class="pf-v5-c-nav__toggle-icon"
                >
                  <svg
                    aria-hidden="true"
                    class="pf-v5-svg"
                    fill="currentColor"
                    height="1em"
                    role="img"
                    viewBox="0 0 256 512"
                    width="1em"
                  >
                    <path
                      d="M224.3 273l-136 136c-9.4 9.4-24.6 9.4-33.9 0l-22.6-22.6c-9.4-9.4-9.4-24.6 0-33.9l96.4-96.4-96.4-96.4c-9.4-9.4-9.4-24.6 0-33.9L54.3 103c9.4-9.4 24.6-9.4 33.9 0l136 136c9.5 9.4 9.5 24.6.1 34z"
                    />
                  </svg>
                </span>
              </span>
            </button>
            <section
              aria-labelledby="pf-1688687626367i6ctpip645p"
              class="pf-v5-c-nav__subnav"
            >
              <h2
                class="pf-v5-u-screen-reader"
                id="pf-1688687626367i6ctpip645p"
              >
                SR Link
              </h2>
              <ul
                class="pf-v5-c-nav__list"
                role="list"
              >
                <li
                  class="pf-v5-c-nav__item"
                  data-ouia-component-id="OUIA-Generated-NavItem-8"
                  data-ouia-component-type="PF5/NavItem"
                  data-ouia-safe="true"
                >
                  <a
                    class="pf-v5-c-nav__link"
                    href="/jira"
                  >
                    Jira
                  </a>
                </li>
              </ul>
            </section>
          </li>
        </ul>
      </nav>
    </div>
  </div>,
  "debug": [Function],
  "findAllByAltText": [Function],
  "findAllByDisplayValue": [Function],
  "findAllByLabelText": [Function],
  "findAllByPlaceholderText": [Function],
  "findAllByRole": [Function],
  "findAllByTestId": [Function],
  "findAllByText": [Function],
  "findAllByTitle": [Function],
  "findByAltText": [Function],
  "findByDisplayValue": [Function],
  "findByLabelText": [Function],
  "findByPlaceholderText": [Function],
  "findByRole": [Function],
  "findByTestId": [Function],
  "findByText": [Function],
  "findByTitle": [Function],
  "getAllByAltText": [Function],
  "getAllByDisplayValue": [Function],
  "getAllByLabelText": [Function],
  "getAllByPlaceholderText": [Function],
  "getAllByRole": [Function],
  "getAllByTestId": [Function],
  "getAllByText": [Function],
  "getAllByTitle": [Function],
  "getByAltText": [Function],
  "getByDisplayValue": [Function],
  "getByLabelText": [Function],
  "getByPlaceholderText": [Function],
  "getByRole": [Function],
  "getByTestId": [Function],
  "getByText": [Function],
  "getByTitle": [Function],
  "queryAllByAltText": [Function],
  "queryAllByDisplayValue": [Function],
  "queryAllByLabelText": [Function],
  "queryAllByPlaceholderText": [Function],
  "queryAllByRole": [Function],
  "queryAllByTestId": [Function],
  "queryAllByText": [Function],
  "queryAllByTitle": [Function],
  "queryByAltText": [Function],
  "queryByDisplayValue": [Function],
  "queryByLabelText": [Function],
  "queryByPlaceholderText": [Function],
  "queryByRole": [Function],
  "queryByTestId": [Function],
  "queryByText": [Function],
  "queryByTitle": [Function],
  "rerender": [Function],
  "unmount": [Function],
}
`;
