// Jest Snapshot v1, https://goo.gl/fbAQLP

exports[`SimpleSelect Renders without crashing 1`] = `
Object {
  "asFragment": [Function],
  "baseElement": <body>
    <div>
      <div
        class="pf-c-select"
        data-ouia-component-id="OUIA-Generated-Select-single-1"
        data-ouia-component-type="PF4/Select"
        data-ouia-safe="true"
      >
        <button
          aria-expanded="false"
          aria-haspopup="listbox"
          aria-label="Options menu"
          aria-labelledby=" pf-select-toggle-id-0"
          class="pf-c-select__toggle"
          id="pf-select-toggle-id-0"
          type="button"
        >
          <div
            class="pf-c-select__toggle-wrapper"
          >
            <span
              class="pf-c-select__toggle-text"
            >
              Select...
            </span>
          </div>
          <span
            class="pf-c-select__toggle-arrow"
          >
            <svg
              aria-hidden="true"
              fill="currentColor"
              height="1em"
              role="img"
              style="vertical-align: -0.125em;"
              viewBox="0 0 320 512"
              width="1em"
            >
              <path
                d="M31.3 192h257.3c17.8 0 26.7 21.5 14.1 34.1L174.1 354.8c-7.8 7.8-20.5 7.8-28.3 0L17.2 226.1C4.6 213.5 13.5 192 31.3 192z"
              />
            </svg>
          </span>
        </button>
      </div>
    </div>
  </body>,
  "container": <div>
    <div
      class="pf-c-select"
      data-ouia-component-id="OUIA-Generated-Select-single-1"
      data-ouia-component-type="PF4/Select"
      data-ouia-safe="true"
    >
      <button
        aria-expanded="false"
        aria-haspopup="listbox"
        aria-label="Options menu"
        aria-labelledby=" pf-select-toggle-id-0"
        class="pf-c-select__toggle"
        id="pf-select-toggle-id-0"
        type="button"
      >
        <div
          class="pf-c-select__toggle-wrapper"
        >
          <span
            class="pf-c-select__toggle-text"
          >
            Select...
          </span>
        </div>
        <span
          class="pf-c-select__toggle-arrow"
        >
          <svg
            aria-hidden="true"
            fill="currentColor"
            height="1em"
            role="img"
            style="vertical-align: -0.125em;"
            viewBox="0 0 320 512"
            width="1em"
          >
            <path
              d="M31.3 192h257.3c17.8 0 26.7 21.5 14.1 34.1L174.1 354.8c-7.8 7.8-20.5 7.8-28.3 0L17.2 226.1C4.6 213.5 13.5 192 31.3 192z"
            />
          </svg>
        </span>
      </button>
    </div>
  </div>,
  "debug": [Function],
  "findAllByAltText": [Function],
  "findAllByDisplayValue": [Function],
  "findAllByLabelText": [Function],
  "findAllByPlaceholderText": [Function],
  "findAllByRole": [Function],
  "findAllByTestId": [Function],
  "findAllByText": [Function],
  "findAllByTitle": [Function],
  "findByAltText": [Function],
  "findByDisplayValue": [Function],
  "findByLabelText": [Function],
  "findByPlaceholderText": [Function],
  "findByRole": [Function],
  "findByTestId": [Function],
  "findByText": [Function],
  "findByTitle": [Function],
  "getAllByAltText": [Function],
  "getAllByDisplayValue": [Function],
  "getAllByLabelText": [Function],
  "getAllByPlaceholderText": [Function],
  "getAllByRole": [Function],
  "getAllByTestId": [Function],
  "getAllByText": [Function],
  "getAllByTitle": [Function],
  "getByAltText": [Function],
  "getByDisplayValue": [Function],
  "getByLabelText": [Function],
  "getByPlaceholderText": [Function],
  "getByRole": [Function],
  "getByTestId": [Function],
  "getByText": [Function],
  "getByTitle": [Function],
  "queryAllByAltText": [Function],
  "queryAllByDisplayValue": [Function],
  "queryAllByLabelText": [Function],
  "queryAllByPlaceholderText": [Function],
  "queryAllByRole": [Function],
  "queryAllByTestId": [Function],
  "queryAllByText": [Function],
  "queryAllByTitle": [Function],
  "queryByAltText": [Function],
  "queryByDisplayValue": [Function],
  "queryByLabelText": [Function],
  "queryByPlaceholderText": [Function],
  "queryByRole": [Function],
  "queryByTestId": [Function],
  "queryByText": [Function],
  "queryByTitle": [Function],
  "rerender": [Function],
  "unmount": [Function],
}
`;
