// Jest Snapshot v1, https://goo.gl/fbAQLP

exports[`AppPlaceholder Renders without crashing 1`] = `
{
  "asFragment": [Function],
  "baseElement": <body>
    <div>
      <div
        class="pf-v5-l-bullseye"
      >
        <div
          class="pf-v5-u-display-flex pf-v5-u-flex-direction-column"
        >
          <div>
            <svg
              aria-label="Contents"
              aria-valuetext="Loading..."
              class="pf-v5-c-spinner pf-m-xl"
              role="progressbar"
              viewBox="0 0 100 100"
            >
              <circle
                class="pf-v5-c-spinner__path"
                cx="50"
                cy="50"
                fill="none"
                r="45"
              />
            </svg>
          </div>
          <div
            class="pf-v5-c-content"
          >
            <h3>
              Loading...
            </h3>
          </div>
        </div>
      </div>
    </div>
  </body>,
  "container": <div>
    <div
      class="pf-v5-l-bullseye"
    >
      <div
        class="pf-v5-u-display-flex pf-v5-u-flex-direction-column"
      >
        <div>
          <svg
            aria-label="Contents"
            aria-valuetext="Loading..."
            class="pf-v5-c-spinner pf-m-xl"
            role="progressbar"
            viewBox="0 0 100 100"
          >
            <circle
              class="pf-v5-c-spinner__path"
              cx="50"
              cy="50"
              fill="none"
              r="45"
            />
          </svg>
        </div>
        <div
          class="pf-v5-c-content"
        >
          <h3>
            Loading...
          </h3>
        </div>
      </div>
    </div>
  </div>,
  "debug": [Function],
  "findAllByAltText": [Function],
  "findAllByDisplayValue": [Function],
  "findAllByLabelText": [Function],
  "findAllByPlaceholderText": [Function],
  "findAllByRole": [Function],
  "findAllByTestId": [Function],
  "findAllByText": [Function],
  "findAllByTitle": [Function],
  "findByAltText": [Function],
  "findByDisplayValue": [Function],
  "findByLabelText": [Function],
  "findByPlaceholderText": [Function],
  "findByRole": [Function],
  "findByTestId": [Function],
  "findByText": [Function],
  "findByTitle": [Function],
  "getAllByAltText": [Function],
  "getAllByDisplayValue": [Function],
  "getAllByLabelText": [Function],
  "getAllByPlaceholderText": [Function],
  "getAllByRole": [Function],
  "getAllByTestId": [Function],
  "getAllByText": [Function],
  "getAllByTitle": [Function],
  "getByAltText": [Function],
  "getByDisplayValue": [Function],
  "getByLabelText": [Function],
  "getByPlaceholderText": [Function],
  "getByRole": [Function],
  "getByTestId": [Function],
  "getByText": [Function],
  "getByTitle": [Function],
  "queryAllByAltText": [Function],
  "queryAllByDisplayValue": [Function],
  "queryAllByLabelText": [Function],
  "queryAllByPlaceholderText": [Function],
  "queryAllByRole": [Function],
  "queryAllByTestId": [Function],
  "queryAllByText": [Function],
  "queryAllByTitle": [Function],
  "queryByAltText": [Function],
  "queryByDisplayValue": [Function],
  "queryByLabelText": [Function],
  "queryByPlaceholderText": [Function],
  "queryByRole": [Function],
  "queryByTestId": [Function],
  "queryByText": [Function],
  "queryByTitle": [Function],
  "rerender": [Function],
  "unmount": [Function],
}
`;
