// Jest Snapshot v1, https://goo.gl/fbAQLP

exports[`AppTable Renders without crashing 1`] = `
{
  "asFragment": [Function],
  "baseElement": <body>
    <div>
      <dl
        class="pf-v5-c-description-list"
      >
        <div
          class="pf-v5-c-description-list__group"
        >
          <dt
            class="pf-v5-c-description-list__term"
          >
            <span
              class="pf-v5-c-description-list__text"
            >
              terms.applicationName
            </span>
          </dt>
          <dd
            class="pf-v5-c-description-list__description"
          >
            <div
              class="pf-v5-c-description-list__text"
            >
              myApp
            </div>
          </dd>
        </div>
        <div
          class="pf-v5-c-description-list__group"
        >
          <dt
            class="pf-v5-c-description-list__term"
          >
            <span
              class="pf-v5-c-description-list__text"
            >
              terms.description
            </span>
          </dt>
          <dd
            class="pf-v5-c-description-list__description"
          >
            <div
              class="pf-v5-c-description-list__text"
            >
              myDescription
            </div>
          </dd>
        </div>
        <div
          class="pf-v5-c-description-list__group"
        >
          <dt
            class="pf-v5-c-description-list__term"
          >
            <span
              class="pf-v5-c-description-list__text"
            >
              terms.assessmentNotes
            </span>
          </dt>
          <dd
            class="pf-v5-c-description-list__description"
          >
            <div
              class="pf-v5-c-description-list__text"
            >
              <ul
                class="pf-v5-c-list"
              >
                <li
                  class=""
                >
                  title1
                  : 
                  comments1
                </li>
                <li
                  class=""
                >
                  title2
                  : 
                  comments2
                </li>
                <li
                  class=""
                >
                  title3
                  : 
                  comments3
                </li>
              </ul>
            </div>
          </dd>
        </div>
      </dl>
    </div>
  </body>,
  "container": <div>
    <dl
      class="pf-v5-c-description-list"
    >
      <div
        class="pf-v5-c-description-list__group"
      >
        <dt
          class="pf-v5-c-description-list__term"
        >
          <span
            class="pf-v5-c-description-list__text"
          >
            terms.applicationName
          </span>
        </dt>
        <dd
          class="pf-v5-c-description-list__description"
        >
          <div
            class="pf-v5-c-description-list__text"
          >
            myApp
          </div>
        </dd>
      </div>
      <div
        class="pf-v5-c-description-list__group"
      >
        <dt
          class="pf-v5-c-description-list__term"
        >
          <span
            class="pf-v5-c-description-list__text"
          >
            terms.description
          </span>
        </dt>
        <dd
          class="pf-v5-c-description-list__description"
        >
          <div
            class="pf-v5-c-description-list__text"
          >
            myDescription
          </div>
        </dd>
      </div>
      <div
        class="pf-v5-c-description-list__group"
      >
        <dt
          class="pf-v5-c-description-list__term"
        >
          <span
            class="pf-v5-c-description-list__text"
          >
            terms.assessmentNotes
          </span>
        </dt>
        <dd
          class="pf-v5-c-description-list__description"
        >
          <div
            class="pf-v5-c-description-list__text"
          >
            <ul
              class="pf-v5-c-list"
            >
              <li
                class=""
              >
                title1
                : 
                comments1
              </li>
              <li
                class=""
              >
                title2
                : 
                comments2
              </li>
              <li
                class=""
              >
                title3
                : 
                comments3
              </li>
            </ul>
          </div>
        </dd>
      </div>
    </dl>
  </div>,
  "debug": [Function],
  "findAllByAltText": [Function],
  "findAllByDisplayValue": [Function],
  "findAllByLabelText": [Function],
  "findAllByPlaceholderText": [Function],
  "findAllByRole": [Function],
  "findAllByTestId": [Function],
  "findAllByText": [Function],
  "findAllByTitle": [Function],
  "findByAltText": [Function],
  "findByDisplayValue": [Function],
  "findByLabelText": [Function],
  "findByPlaceholderText": [Function],
  "findByRole": [Function],
  "findByTestId": [Function],
  "findByText": [Function],
  "findByTitle": [Function],
  "getAllByAltText": [Function],
  "getAllByDisplayValue": [Function],
  "getAllByLabelText": [Function],
  "getAllByPlaceholderText": [Function],
  "getAllByRole": [Function],
  "getAllByTestId": [Function],
  "getAllByText": [Function],
  "getAllByTitle": [Function],
  "getByAltText": [Function],
  "getByDisplayValue": [Function],
  "getByLabelText": [Function],
  "getByPlaceholderText": [Function],
  "getByRole": [Function],
  "getByTestId": [Function],
  "getByText": [Function],
  "getByTitle": [Function],
  "queryAllByAltText": [Function],
  "queryAllByDisplayValue": [Function],
  "queryAllByLabelText": [Function],
  "queryAllByPlaceholderText": [Function],
  "queryAllByRole": [Function],
  "queryAllByTestId": [Function],
  "queryAllByText": [Function],
  "queryAllByTitle": [Function],
  "queryByAltText": [Function],
  "queryByDisplayValue": [Function],
  "queryByLabelText": [Function],
  "queryByPlaceholderText": [Function],
  "queryByRole": [Function],
  "queryByTestId": [Function],
  "queryByText": [Function],
  "queryByTitle": [Function],
  "rerender": [Function],
  "unmount": [Function],
}
`;
