// Jest Snapshot v1, https://goo.gl/fbAQLP

exports[`PageHeader Renders without crashing 1`] = `
{
  "asFragment": [Function],
  "baseElement": <body>
    <div>
      <div
        class="pf-v5-l-stack pf-m-gutter"
      >
        <div
          class="pf-v5-l-stack__item"
        >
          <nav
            aria-label="Breadcrumb"
            class="pf-v5-c-breadcrumb"
            data-ouia-component-id="OUIA-Generated-Breadcrumb-1"
            data-ouia-component-type="PF5/Breadcrumb"
            data-ouia-safe="true"
          >
            <ol
              class="pf-v5-c-breadcrumb__list"
              role="list"
            >
              <li
                class="pf-v5-c-breadcrumb__item"
              >
                <a
                  class="pf-v5-c-breadcrumb__link"
                  href="/companies"
                >
                  Companies
                </a>
              </li>
              <li
                class="pf-v5-c-breadcrumb__item"
              >
                <span
                  class="pf-v5-c-breadcrumb__item-divider"
                >
                  <svg
                    aria-hidden="true"
                    class="pf-v5-svg"
                    fill="currentColor"
                    height="1em"
                    role="img"
                    viewBox="0 0 256 512"
                    width="1em"
                  >
                    <path
                      d="M224.3 273l-136 136c-9.4 9.4-24.6 9.4-33.9 0l-22.6-22.6c-9.4-9.4-9.4-24.6 0-33.9l96.4-96.4-96.4-96.4c-9.4-9.4-9.4-24.6 0-33.9L54.3 103c9.4-9.4 24.6-9.4 33.9 0l136 136c9.5 9.4 9.5 24.6.1 34z"
                    />
                  </svg>
                </span>
                Company details
              </li>
            </ol>
          </nav>
        </div>
        <div
          class="pf-v5-l-stack__item"
        >
          <div
            class="pf-v5-l-split"
          >
            <div
              class="pf-v5-l-split__item pf-m-fill"
            >
              <div
                class="pf-v5-c-content"
              >
                <h1
                  class=""
                  data-ouia-component-id="OUIA-Generated-Text-1"
                  data-ouia-component-type="PF5/Text"
                  data-ouia-safe="true"
                  data-pf-content="true"
                >
                  mycompany
                </h1>
              </div>
            </div>
            <div
              class="pf-v5-l-split__item"
            >
              <button
                aria-disabled="false"
                class="pf-v5-c-button pf-m-primary"
                data-ouia-component-id="OUIA-Generated-Button-primary-1"
                data-ouia-component-type="PF5/Button"
                data-ouia-safe="true"
                type="button"
              >
                send email
              </button>
            </div>
            <div
              class="pf-v5-l-split__item"
            >
              <button
                aria-expanded="false"
                class="pf-v5-c-menu-toggle"
                type="button"
              >
                <span
                  class="pf-v5-c-menu-toggle__text"
                >
                  Actions
                </span>
                <span
                  class="pf-v5-c-menu-toggle__controls"
                >
                  <span
                    class="pf-v5-c-menu-toggle__toggle-icon"
                  >
                    <svg
                      aria-hidden="true"
                      class="pf-v5-svg"
                      fill="currentColor"
                      height="1em"
                      role="img"
                      viewBox="0 0 320 512"
                      width="1em"
                    >
                      <path
                        d="M31.3 192h257.3c17.8 0 26.7 21.5 14.1 34.1L174.1 354.8c-7.8 7.8-20.5 7.8-28.3 0L17.2 226.1C4.6 213.5 13.5 192 31.3 192z"
                      />
                    </svg>
                  </span>
                </span>
              </button>
            </div>
          </div>
        </div>
        <div
          class="pf-v5-l-stack__item"
        >
          <div
            class="pf-v5-c-tabs"
          >
            <ul
              class="pf-v5-c-tabs__list"
            >
              <a
                class="pf-v5-c-tabs__item"
                href="/companies/1/overview"
              >
                <li
                  class="pf-v5-c-tabs__item"
                >
                  <button
                    class="pf-v5-c-tabs__link"
                  >
                    <span
                      class="pf-v5-c-tabs__item-text"
                    >
                      Overview
                    </span>
                  </button>
                </li>
              </a>
              <a
                class="pf-v5-c-tabs__item"
                href="/companies/1/yaml"
              >
                <li
                  class="pf-v5-c-tabs__item"
                >
                  <button
                    class="pf-v5-c-tabs__link"
                  >
                    <span
                      class="pf-v5-c-tabs__item-text"
                    >
                      YAML
                    </span>
                  </button>
                </li>
              </a>
              <a
                class="pf-v5-c-tabs__item"
                href="/companies/1/sunat"
              >
                <li
                  class="pf-v5-c-tabs__item"
                >
                  <button
                    class="pf-v5-c-tabs__link"
                  >
                    <span
                      class="pf-v5-c-tabs__item-text"
                    >
                      SUNAT
                    </span>
                  </button>
                </li>
              </a>
            </ul>
          </div>
        </div>
      </div>
    </div>
  </body>,
  "container": <div>
    <div
      class="pf-v5-l-stack pf-m-gutter"
    >
      <div
        class="pf-v5-l-stack__item"
      >
        <nav
          aria-label="Breadcrumb"
          class="pf-v5-c-breadcrumb"
          data-ouia-component-id="OUIA-Generated-Breadcrumb-1"
          data-ouia-component-type="PF5/Breadcrumb"
          data-ouia-safe="true"
        >
          <ol
            class="pf-v5-c-breadcrumb__list"
            role="list"
          >
            <li
              class="pf-v5-c-breadcrumb__item"
            >
              <a
                class="pf-v5-c-breadcrumb__link"
                href="/companies"
              >
                Companies
              </a>
            </li>
            <li
              class="pf-v5-c-breadcrumb__item"
            >
              <span
                class="pf-v5-c-breadcrumb__item-divider"
              >
                <svg
                  aria-hidden="true"
                  class="pf-v5-svg"
                  fill="currentColor"
                  height="1em"
                  role="img"
                  viewBox="0 0 256 512"
                  width="1em"
                >
                  <path
                    d="M224.3 273l-136 136c-9.4 9.4-24.6 9.4-33.9 0l-22.6-22.6c-9.4-9.4-9.4-24.6 0-33.9l96.4-96.4-96.4-96.4c-9.4-9.4-9.4-24.6 0-33.9L54.3 103c9.4-9.4 24.6-9.4 33.9 0l136 136c9.5 9.4 9.5 24.6.1 34z"
                  />
                </svg>
              </span>
              Company details
            </li>
          </ol>
        </nav>
      </div>
      <div
        class="pf-v5-l-stack__item"
      >
        <div
          class="pf-v5-l-split"
        >
          <div
            class="pf-v5-l-split__item pf-m-fill"
          >
            <div
              class="pf-v5-c-content"
            >
              <h1
                class=""
                data-ouia-component-id="OUIA-Generated-Text-1"
                data-ouia-component-type="PF5/Text"
                data-ouia-safe="true"
                data-pf-content="true"
              >
                mycompany
              </h1>
            </div>
          </div>
          <div
            class="pf-v5-l-split__item"
          >
            <button
              aria-disabled="false"
              class="pf-v5-c-button pf-m-primary"
              data-ouia-component-id="OUIA-Generated-Button-primary-1"
              data-ouia-component-type="PF5/Button"
              data-ouia-safe="true"
              type="button"
            >
              send email
            </button>
          </div>
          <div
            class="pf-v5-l-split__item"
          >
            <button
              aria-expanded="false"
              class="pf-v5-c-menu-toggle"
              type="button"
            >
              <span
                class="pf-v5-c-menu-toggle__text"
              >
                Actions
              </span>
              <span
                class="pf-v5-c-menu-toggle__controls"
              >
                <span
                  class="pf-v5-c-menu-toggle__toggle-icon"
                >
                  <svg
                    aria-hidden="true"
                    class="pf-v5-svg"
                    fill="currentColor"
                    height="1em"
                    role="img"
                    viewBox="0 0 320 512"
                    width="1em"
                  >
                    <path
                      d="M31.3 192h257.3c17.8 0 26.7 21.5 14.1 34.1L174.1 354.8c-7.8 7.8-20.5 7.8-28.3 0L17.2 226.1C4.6 213.5 13.5 192 31.3 192z"
                    />
                  </svg>
                </span>
              </span>
            </button>
          </div>
        </div>
      </div>
      <div
        class="pf-v5-l-stack__item"
      >
        <div
          class="pf-v5-c-tabs"
        >
          <ul
            class="pf-v5-c-tabs__list"
          >
            <a
              class="pf-v5-c-tabs__item"
              href="/companies/1/overview"
            >
              <li
                class="pf-v5-c-tabs__item"
              >
                <button
                  class="pf-v5-c-tabs__link"
                >
                  <span
                    class="pf-v5-c-tabs__item-text"
                  >
                    Overview
                  </span>
                </button>
              </li>
            </a>
            <a
              class="pf-v5-c-tabs__item"
              href="/companies/1/yaml"
            >
              <li
                class="pf-v5-c-tabs__item"
              >
                <button
                  class="pf-v5-c-tabs__link"
                >
                  <span
                    class="pf-v5-c-tabs__item-text"
                  >
                    YAML
                  </span>
                </button>
              </li>
            </a>
            <a
              class="pf-v5-c-tabs__item"
              href="/companies/1/sunat"
            >
              <li
                class="pf-v5-c-tabs__item"
              >
                <button
                  class="pf-v5-c-tabs__link"
                >
                  <span
                    class="pf-v5-c-tabs__item-text"
                  >
                    SUNAT
                  </span>
                </button>
              </li>
            </a>
          </ul>
        </div>
      </div>
    </div>
  </div>,
  "debug": [Function],
  "findAllByAltText": [Function],
  "findAllByDisplayValue": [Function],
  "findAllByLabelText": [Function],
  "findAllByPlaceholderText": [Function],
  "findAllByRole": [Function],
  "findAllByTestId": [Function],
  "findAllByText": [Function],
  "findAllByTitle": [Function],
  "findByAltText": [Function],
  "findByDisplayValue": [Function],
  "findByLabelText": [Function],
  "findByPlaceholderText": [Function],
  "findByRole": [Function],
  "findByTestId": [Function],
  "findByText": [Function],
  "findByTitle": [Function],
  "getAllByAltText": [Function],
  "getAllByDisplayValue": [Function],
  "getAllByLabelText": [Function],
  "getAllByPlaceholderText": [Function],
  "getAllByRole": [Function],
  "getAllByTestId": [Function],
  "getAllByText": [Function],
  "getAllByTitle": [Function],
  "getByAltText": [Function],
  "getByDisplayValue": [Function],
  "getByLabelText": [Function],
  "getByPlaceholderText": [Function],
  "getByRole": [Function],
  "getByTestId": [Function],
  "getByText": [Function],
  "getByTitle": [Function],
  "queryAllByAltText": [Function],
  "queryAllByDisplayValue": [Function],
  "queryAllByLabelText": [Function],
  "queryAllByPlaceholderText": [Function],
  "queryAllByRole": [Function],
  "queryAllByTestId": [Function],
  "queryAllByText": [Function],
  "queryAllByTitle": [Function],
  "queryByAltText": [Function],
  "queryByDisplayValue": [Function],
  "queryByLabelText": [Function],
  "queryByPlaceholderText": [Function],
  "queryByRole": [Function],
  "queryByTestId": [Function],
  "queryByText": [Function],
  "queryByTitle": [Function],
  "rerender": [Function],
  "unmount": [Function],
}
`;
